
[TestAssertMock - 1]
[
 {
  "FinishTime": "<Any value>",
  "Name": "Custom Span",
  "ParentId": 128,
  "SpanId": 129,
  "StartTime": "<Any value>",
  "Tags": {
   "Key": "Value",
   "resource.name": "Custom Span",
   "service.name": null
  },
  "TraceId": 128
 },
 {
  "FinishTime": "<Any value>",
  "Name": "golang.org/pkg/testing.test",
  "ParentId": 0,
  "SpanId": 128,
  "StartTime": "<Any value>",
  "Tags": {
   "Custom Tag": "Custom Value",
   "_dd.origin": "ciapp-test",
   "ci.workspace_path": "<Any value>",
   "git.branch": "<Any value>",
   "git.commit.author.date": "<Any value>",
   "git.commit.author.email": "<Any value>",
   "git.commit.author.name": "<Any value>",
   "git.commit.committer.date": "<Any value>",
   "git.commit.committer.email": "<Any value>",
   "git.commit.committer.name": "<Any value>",
   "git.commit.message": "<Any value>",
   "git.commit.sha": "<Any value>",
   "git.repository_url": "<Any value>",
   "manual.keep": true,
   "os.architecture": "<Any value>",
   "os.platform": "<Any value>",
   "os.version": "<Any value>",
   "resource.name": "mock_test.go.TestDummyTestForMocking/Child",
   "runtime.name": "gc",
   "runtime.version": "<Any value>",
   "span.type": "test",
   "test.codeowners": "[\"@DataDog/dd-trace-go-guild\"]",
   "test.command": "<Any value>",
   "test.framework": "golang.org/pkg/testing",
   "test.framework_version": "<Any value>",
   "test.module": "gopkg.in/DataDog/dd-trace-go.v1/civisibility/gotesting/mock",
   "test.name": "TestDummyTestForMocking/Child",
   "test.source.file": "civisibility/gotesting/mock/mock_test.go",
   "test.source.start": "<Any value>",
   "test.status": "pass",
   "test.suite": "mock_test.go",
   "test.type": "test",
   "test.working_directory": "civisibility/gotesting/mock",
   "test_module_id": "125",
   "test_session_id": "124",
   "test_suite_id": "126"
  },
  "TraceId": 128
 },
 {
  "FinishTime": "<Any value>",
  "Name": "golang.org/pkg/testing.test",
  "ParentId": 0,
  "SpanId": 127,
  "StartTime": "<Any value>",
  "Tags": {
   "_dd.origin": "ciapp-test",
   "ci.workspace_path": "<Any value>",
   "git.branch": "<Any value>",
   "git.commit.author.date": "<Any value>",
   "git.commit.author.email": "<Any value>",
   "git.commit.author.name": "<Any value>",
   "git.commit.committer.date": "<Any value>",
   "git.commit.committer.email": "<Any value>",
   "git.commit.committer.name": "<Any value>",
   "git.commit.message": "<Any value>",
   "git.commit.sha": "<Any value>",
   "git.repository_url": "<Any value>",
   "manual.keep": true,
   "os.architecture": "<Any value>",
   "os.platform": "<Any value>",
   "os.version": "<Any value>",
   "resource.name": "mock_test.go.TestDummyTestForMocking",
   "runtime.name": "gc",
   "runtime.version": "<Any value>",
   "span.type": "test",
   "test.codeowners": "[\"@DataDog/dd-trace-go-guild\"]",
   "test.command": "<Any value>",
   "test.framework": "golang.org/pkg/testing",
   "test.framework_version": "<Any value>",
   "test.module": "gopkg.in/DataDog/dd-trace-go.v1/civisibility/gotesting/mock",
   "test.name": "TestDummyTestForMocking",
   "test.source.file": "civisibility/gotesting/mock/mock_test.go",
   "test.source.start": "<Any value>",
   "test.status": "pass",
   "test.suite": "mock_test.go",
   "test.type": "test",
   "test.working_directory": "civisibility/gotesting/mock",
   "test_module_id": "125",
   "test_session_id": "124",
   "test_suite_id": "126"
  },
  "TraceId": 127
 }
]
---
